[DB] Initializing pool with host: ep-long-frost-aic3j59s-pooler.c-4.us-east-1.aws.neon.tech, database: neondb
node.exe : Error: No 
database host or 
connection string was 
set, and key parameters 
have default values 
(host: localhost, user: 
ACMACIM, db: ACMACIM, 
password: null). Is an 
environment variable 
missing? Alternatively, 
if you intended to 
connect with these 
parameters, please set 
the host to 'localhost' 
explicitly.
En línea: 1 Carácter: 1
+ & "C:\Program 
Files\nodejs/node.exe" 
"C:\Program 
Files\nodejs/node_mo ...
+ ~~~~~~~~~~~~~~~~~~~~~~~
~~~~~~~~~~~~~~~~~~~~~~~~~
~~~~~~~~~~~~~~~~~~~~~
    + CategoryInfo       
       : NotSpecified:   
  (Error: No datab...s   
 t' explicitly.:Strin    
g) [], RemoteExcepti    
on
    + FullyQualifiedErro 
   rId : NativeCommandE  
  rror
 
    at Un.connect (C:\Use
rs\ACMACIM\Desktop\Digita
lacma\node_modules\@neond
atabase\serverless\index.
js:1318:50)
    at Dn.newClient (C:\U
sers\ACMACIM\Desktop\Digi
talacma\node_modules\@neo
ndatabase\serverless\inde
x.js:1117:85)
    at Dn.connect (C:\Use
rs\ACMACIM\Desktop\Digita
lacma\node_modules\@neond
atabase\serverless\index.
js:1114:1)
    at Dn.query (C:\Users
\ACMACIM\Desktop\Digitala
cma\node_modules\@neondat
abase\serverless\index.js
:1138:1)
    at Dn.query (C:\Users
\ACMACIM\Desktop\Digitala
cma\node_modules\@neondat
abase\serverless\index.js
:1354:96)
    at PrismaNeonAdapter.
performIO (C:\Users\ACMAC
IM\Desktop\Digitalacma\no
de_modules\@prisma\adapte
r-neon\dist\index.js:554:
40)
    at PrismaNeonAdapter.
queryRaw (C:\Users\ACMACI
M\Desktop\Digitalacma\nod
e_modules\@prisma\adapter
-neon\dist\index.js:515:4
1)
    at callback (C:\Users
\ACMACIM\Desktop\Digitala
cma\node_modules\@prisma\
client-engine-runtime\src
\interpreter\query-interp
reter.ts:188:16)
    at 
withQuerySpanAndEvent (C:
\Users\ACMACIM\Desktop\Di
gitalacma\node_modules\@p
risma\client-engine-runti
me\src\tracing.ts:80:12)
    at 
e.#withQuerySpanAndEvent 
(C:\Users\ACMACIM\Desktop
\Digitalacma\node_modules
\@prisma\client-engine-ru
ntime\src\interpreter\que
ry-interpreter.ts:373:12)
 {
  clientVersion: '7.5.0'
}
